<?xml version="1.0" encoding="ISO-8859-1" ?>
<link_info>
   <banner>TI ARM Linker PC v20.2.7.LTS</banner>
   <copyright>Copyright (c) 1996-2018 Texas Instruments Incorporated</copyright>
   <link_time>0x68f7ccd2</link_time>
   <link_errors>0x0</link_errors>
   <output_file>lab2_2025.out</output_file>
   <entry_point>
      <name>_c_int00_noargs</name>
      <address>0x4065</address>
   </entry_point>
   <input_file_list>
      <input_file id="fl-2">
         <path>.\</path>
         <kind>object</kind>
         <file>GFX_Library.obj</file>
         <name>GFX_Library.obj</name>
      </input_file>
      <input_file id="fl-3">
         <path>.\</path>
         <kind>object</kind>
         <file>SPI_string.obj</file>
         <name>SPI_string.obj</name>
      </input_file>
      <input_file id="fl-4">
         <path>.\</path>
         <kind>object</kind>
         <file>lab2_bon.obj</file>
         <name>lab2_bon.obj</name>
      </input_file>
      <input_file id="fl-5">
         <path>.\</path>
         <kind>object</kind>
         <file>tm4c123gh6pm_startup_ccs.obj</file>
         <name>tm4c123gh6pm_startup_ccs.obj</name>
      </input_file>
      <input_file id="fl-6">
         <path>.\</path>
         <kind>object</kind>
         <file>uartstdio.obj</file>
         <name>uartstdio.obj</name>
      </input_file>
      <input_file id="fl-7">
         <path>.\MultimodDrivers\src\</path>
         <kind>object</kind>
         <file>multimod_BMI160.obj</file>
         <name>multimod_BMI160.obj</name>
      </input_file>
      <input_file id="fl-8">
         <path>.\MultimodDrivers\src\</path>
         <kind>object</kind>
         <file>multimod_OPT3001.obj</file>
         <name>multimod_OPT3001.obj</name>
      </input_file>
      <input_file id="fl-9">
         <path>.\MultimodDrivers\src\</path>
         <kind>object</kind>
         <file>multimod_ST7789.obj</file>
         <name>multimod_ST7789.obj</name>
      </input_file>
      <input_file id="fl-a">
         <path>.\MultimodDrivers\src\</path>
         <kind>object</kind>
         <file>multimod_i2c.obj</file>
         <name>multimod_i2c.obj</name>
      </input_file>
      <input_file id="fl-b">
         <path>.\MultimodDrivers\src\</path>
         <kind>object</kind>
         <file>multimod_spi.obj</file>
         <name>multimod_spi.obj</name>
      </input_file>
      <input_file id="fl-c">
         <path>.\MultimodDrivers\src\</path>
         <kind>object</kind>
         <file>multimod_uart.obj</file>
         <name>multimod_uart.obj</name>
      </input_file>
      <input_file id="fl-11">
         <kind>object</kind>
         <file>&lt;internal&gt;</file>
         <name>&lt;internal&gt;</name>
      </input_file>
      <input_file id="fl-c7">
         <path>C:\ti\ccs1281\ccs\tools\compiler\ti-cgt-arm_20.2.7.LTS\lib\</path>
         <kind>archive</kind>
         <file>rtsv7M4_T_le_v4SPD16_eabi.lib</file>
         <name>fd_add_t2.asm.obj</name>
      </input_file>
      <input_file id="fl-c8">
         <path>C:\ti\ccs1281\ccs\tools\compiler\ti-cgt-arm_20.2.7.LTS\lib\</path>
         <kind>archive</kind>
         <file>rtsv7M4_T_le_v4SPD16_eabi.lib</file>
         <name>fd_mul_t2.asm.obj</name>
      </input_file>
      <input_file id="fl-c9">
         <path>C:\ti\ccs1281\ccs\tools\compiler\ti-cgt-arm_20.2.7.LTS\lib\</path>
         <kind>archive</kind>
         <file>rtsv7M4_T_le_v4SPD16_eabi.lib</file>
         <name>fd_toi_t2.asm.obj</name>
      </input_file>
      <input_file id="fl-ca">
         <path>C:\ti\ccs1281\ccs\tools\compiler\ti-cgt-arm_20.2.7.LTS\lib\</path>
         <kind>archive</kind>
         <file>rtsv7M4_T_le_v4SPD16_eabi.lib</file>
         <name>i_tofd_t2.asm.obj</name>
      </input_file>
      <input_file id="fl-cb">
         <path>C:\ti\ccs1281\ccs\tools\compiler\ti-cgt-arm_20.2.7.LTS\lib\</path>
         <kind>archive</kind>
         <file>rtsv7M4_T_le_v4SPD16_eabi.lib</file>
         <name>u_tofd_t2.asm.obj</name>
      </input_file>
      <input_file id="fl-cc">
         <path>C:\ti\ccs1281\ccs\tools\compiler\ti-cgt-arm_20.2.7.LTS\lib\</path>
         <kind>archive</kind>
         <file>rtsv7M4_T_le_v4SPD16_eabi.lib</file>
         <name>memset_t2.asm.obj</name>
      </input_file>
      <input_file id="fl-cd">
         <path>C:\ti\ccs1281\ccs\tools\compiler\ti-cgt-arm_20.2.7.LTS\lib\</path>
         <kind>archive</kind>
         <file>rtsv7M4_T_le_v4SPD16_eabi.lib</file>
         <name>u_divt2.asm.obj</name>
      </input_file>
      <input_file id="fl-ce">
         <path>C:\ti\ccs1281\ccs\tools\compiler\ti-cgt-arm_20.2.7.LTS\lib\</path>
         <kind>archive</kind>
         <file>rtsv7M4_T_le_v4SPD16_eabi.lib</file>
         <name>copy_zero_init.c.obj</name>
      </input_file>
      <input_file id="fl-cf">
         <path>C:\ti\ccs1281\ccs\tools\compiler\ti-cgt-arm_20.2.7.LTS\lib\</path>
         <kind>archive</kind>
         <file>rtsv7M4_T_le_v4SPD16_eabi.lib</file>
         <name>copy_decompress_none.c.obj</name>
      </input_file>
      <input_file id="fl-d0">
         <path>C:\ti\ccs1281\ccs\tools\compiler\ti-cgt-arm_20.2.7.LTS\lib\</path>
         <kind>archive</kind>
         <file>rtsv7M4_T_le_v4SPD16_eabi.lib</file>
         <name>copy_decompress_lzss.c.obj</name>
      </input_file>
      <input_file id="fl-d1">
         <path>C:\ti\ccs1281\ccs\tools\compiler\ti-cgt-arm_20.2.7.LTS\lib\</path>
         <kind>archive</kind>
         <file>rtsv7M4_T_le_v4SPD16_eabi.lib</file>
         <name>boot_cortex_m.c.obj</name>
      </input_file>
      <input_file id="fl-d2">
         <path>C:\ti\ccs1281\ccs\tools\compiler\ti-cgt-arm_20.2.7.LTS\lib\</path>
         <kind>archive</kind>
         <file>rtsv7M4_T_le_v4SPD16_eabi.lib</file>
         <name>div0.asm.obj</name>
      </input_file>
      <input_file id="fl-d3">
         <path>C:\ti\ccs1281\ccs\tools\compiler\ti-cgt-arm_20.2.7.LTS\lib\</path>
         <kind>archive</kind>
         <file>rtsv7M4_T_le_v4SPD16_eabi.lib</file>
         <name>memcpy_t2.asm.obj</name>
      </input_file>
      <input_file id="fl-d4">
         <path>C:\ti\ccs1281\ccs\tools\compiler\ti-cgt-arm_20.2.7.LTS\lib\</path>
         <kind>archive</kind>
         <file>rtsv7M4_T_le_v4SPD16_eabi.lib</file>
         <name>autoinit.c.obj</name>
      </input_file>
      <input_file id="fl-d5">
         <path>C:\ti\ccs1281\ccs\tools\compiler\ti-cgt-arm_20.2.7.LTS\lib\</path>
         <kind>archive</kind>
         <file>rtsv7M4_T_le_v4SPD16_eabi.lib</file>
         <name>pre_init.c.obj</name>
      </input_file>
      <input_file id="fl-d6">
         <path>C:\ti\ccs1281\ccs\tools\compiler\ti-cgt-arm_20.2.7.LTS\lib\</path>
         <kind>archive</kind>
         <file>rtsv7M4_T_le_v4SPD16_eabi.lib</file>
         <name>cpy_tbl.c.obj</name>
      </input_file>
      <input_file id="fl-d7">
         <path>C:\ti\ccs1281\ccs\tools\compiler\ti-cgt-arm_20.2.7.LTS\lib\</path>
         <kind>archive</kind>
         <file>rtsv7M4_T_le_v4SPD16_eabi.lib</file>
         <name>exit.c.obj</name>
      </input_file>
      <input_file id="fl-d8">
         <path>C:\ti\ccs1281\ccs\tools\compiler\ti-cgt-arm_20.2.7.LTS\lib\</path>
         <kind>archive</kind>
         <file>rtsv7M4_T_le_v4SPD16_eabi.lib</file>
         <name>_lock.c.obj</name>
      </input_file>
      <input_file id="fl-d9">
         <path>C:\ti\ccs1281\ccs\tools\compiler\ti-cgt-arm_20.2.7.LTS\lib\</path>
         <kind>archive</kind>
         <file>rtsv7M4_T_le_v4SPD16_eabi.lib</file>
         <name>args_main.c.obj</name>
      </input_file>
      <input_file id="fl-da">
         <path>C:\ti\TivaWare_C_Series-2.2.0.295\driverlib\ccs\Debug\</path>
         <kind>archive</kind>
         <file>driverlib.lib</file>
         <name>gpio.obj</name>
      </input_file>
      <input_file id="fl-db">
         <path>C:\ti\TivaWare_C_Series-2.2.0.295\driverlib\ccs\Debug\</path>
         <kind>archive</kind>
         <file>driverlib.lib</file>
         <name>i2c.obj</name>
      </input_file>
      <input_file id="fl-dc">
         <path>C:\ti\TivaWare_C_Series-2.2.0.295\driverlib\ccs\Debug\</path>
         <kind>archive</kind>
         <file>driverlib.lib</file>
         <name>interrupt.obj</name>
      </input_file>
      <input_file id="fl-dd">
         <path>C:\ti\TivaWare_C_Series-2.2.0.295\driverlib\ccs\Debug\</path>
         <kind>archive</kind>
         <file>driverlib.lib</file>
         <name>ssi.obj</name>
      </input_file>
      <input_file id="fl-de">
         <path>C:\ti\TivaWare_C_Series-2.2.0.295\driverlib\ccs\Debug\</path>
         <kind>archive</kind>
         <file>driverlib.lib</file>
         <name>sysctl.obj</name>
      </input_file>
      <input_file id="fl-df">
         <path>C:\ti\TivaWare_C_Series-2.2.0.295\driverlib\ccs\Debug\</path>
         <kind>archive</kind>
         <file>driverlib.lib</file>
         <name>timer.obj</name>
      </input_file>
      <input_file id="fl-e0">
         <path>C:\ti\TivaWare_C_Series-2.2.0.295\driverlib\ccs\Debug\</path>
         <kind>archive</kind>
         <file>driverlib.lib</file>
         <name>uart.obj</name>
      </input_file>
      <input_file id="fl-e1">
         <path>C:\ti\TivaWare_C_Series-2.2.0.295\driverlib\ccs\Debug\</path>
         <kind>archive</kind>
         <file>driverlib.lib</file>
         <name>cpu.obj</name>
      </input_file>
   </input_file_list>
   <object_component_list>
      <object_component id="oc-12">
         <name>.intvecs</name>
         <load_address>0x0</load_address>
         <run_address>0x0</run_address>
         <size>0x26c</size>
         <input_file_ref idref="fl-5"/>
      </object_component>
      <object_component id="oc-f9">
         <name>.text</name>
         <load_address>0x26c</load_address>
         <run_address>0x26c</run_address>
         <size>0x19c0</size>
         <input_file_ref idref="fl-2"/>
      </object_component>
      <object_component id="oc-8c">
         <name>.text</name>
         <load_address>0x1c2c</load_address>
         <run_address>0x1c2c</run_address>
         <size>0x734</size>
         <input_file_ref idref="fl-9"/>
      </object_component>
      <object_component id="oc-166">
         <name>.text</name>
         <load_address>0x2360</load_address>
         <run_address>0x2360</run_address>
         <size>0x4a8</size>
         <input_file_ref idref="fl-6"/>
      </object_component>
      <object_component id="oc-2d">
         <name>.text</name>
         <load_address>0x2808</load_address>
         <run_address>0x2808</run_address>
         <size>0x374</size>
         <input_file_ref idref="fl-4"/>
      </object_component>
      <object_component id="oc-7a">
         <name>.text</name>
         <load_address>0x2b7c</load_address>
         <run_address>0x2b7c</run_address>
         <size>0x270</size>
         <input_file_ref idref="fl-a"/>
      </object_component>
      <object_component id="oc-80">
         <name>.text</name>
         <load_address>0x2dec</load_address>
         <run_address>0x2dec</run_address>
         <size>0x214</size>
         <input_file_ref idref="fl-7"/>
      </object_component>
      <object_component id="oc-ff">
         <name>.text</name>
         <load_address>0x3000</load_address>
         <run_address>0x3000</run_address>
         <size>0x1c8</size>
         <input_file_ref idref="fl-3"/>
      </object_component>
      <object_component id="oc-20d">
         <name>.text</name>
         <load_address>0x31c8</load_address>
         <run_address>0x31c8</run_address>
         <size>0x1b6</size>
         <input_file_ref idref="fl-c7"/>
      </object_component>
      <object_component id="oc-363">
         <name>.text</name>
         <load_address>0x337e</load_address>
         <run_address>0x337e</run_address>
         <size>0x2</size>
         <input_file_ref idref="fl-d2"/>
      </object_component>
      <object_component id="oc-1b8">
         <name>.text</name>
         <load_address>0x3380</load_address>
         <run_address>0x3380</run_address>
         <size>0x1a0</size>
         <input_file_ref idref="fl-b"/>
      </object_component>
      <object_component id="oc-1f9">
         <name>.text:GPIOPadConfigSet</name>
         <load_address>0x3520</load_address>
         <run_address>0x3520</run_address>
         <size>0x16c</size>
         <input_file_ref idref="fl-da"/>
      </object_component>
      <object_component id="oc-86">
         <name>.text</name>
         <load_address>0x368c</load_address>
         <run_address>0x368c</run_address>
         <size>0x168</size>
         <input_file_ref idref="fl-8"/>
      </object_component>
      <object_component id="oc-15a">
         <name>.text:SysCtlClockGet</name>
         <load_address>0x37f4</load_address>
         <run_address>0x37f4</run_address>
         <size>0x118</size>
         <input_file_ref idref="fl-de"/>
      </object_component>
      <object_component id="oc-1a6">
         <name>.text</name>
         <load_address>0x390c</load_address>
         <run_address>0x390c</run_address>
         <size>0xfc</size>
         <input_file_ref idref="fl-c8"/>
      </object_component>
      <object_component id="oc-e6">
         <name>.text:SysCtlClockSet</name>
         <load_address>0x3a08</load_address>
         <run_address>0x3a08</run_address>
         <size>0xf4</size>
         <input_file_ref idref="fl-de"/>
      </object_component>
      <object_component id="oc-41">
         <name>.text</name>
         <load_address>0x3afc</load_address>
         <run_address>0x3afc</run_address>
         <size>0x9c</size>
         <input_file_ref idref="fl-d3"/>
      </object_component>
      <object_component id="oc-130">
         <name>.text</name>
         <load_address>0x3b98</load_address>
         <run_address>0x3b98</run_address>
         <size>0x7a</size>
         <input_file_ref idref="fl-cc"/>
      </object_component>
      <object_component id="oc-98">
         <name>.text:IntEnable</name>
         <load_address>0x3c14</load_address>
         <run_address>0x3c14</run_address>
         <size>0x68</size>
         <input_file_ref idref="fl-dc"/>
      </object_component>
      <object_component id="oc-15">
         <name>.text:decompress:lzss:__TI_decompress_lzss</name>
         <load_address>0x3c7c</load_address>
         <run_address>0x3c7c</run_address>
         <size>0x68</size>
         <input_file_ref idref="fl-d0"/>
      </object_component>
      <object_component id="oc-bc">
         <name>.text:TimerConfigure</name>
         <load_address>0x3ce4</load_address>
         <run_address>0x3ce4</run_address>
         <size>0x60</size>
         <input_file_ref idref="fl-df"/>
      </object_component>
      <object_component id="oc-74">
         <name>.text</name>
         <load_address>0x3d44</load_address>
         <run_address>0x3d44</run_address>
         <size>0x60</size>
         <input_file_ref idref="fl-c"/>
      </object_component>
      <object_component id="oc-148">
         <name>.text:GPIOPinConfigure</name>
         <load_address>0x3da4</load_address>
         <run_address>0x3da4</run_address>
         <size>0x4c</size>
         <input_file_ref idref="fl-da"/>
      </object_component>
      <object_component id="oc-179">
         <name>.text:I2CMasterInitExpClk</name>
         <load_address>0x3df0</load_address>
         <run_address>0x3df0</run_address>
         <size>0x4c</size>
         <input_file_ref idref="fl-db"/>
      </object_component>
      <object_component id="oc-1ab">
         <name>.text</name>
         <load_address>0x3e3c</load_address>
         <run_address>0x3e3c</run_address>
         <size>0x48</size>
         <input_file_ref idref="fl-c9"/>
      </object_component>
      <object_component id="oc-160">
         <name>.text:UARTConfigSetExpClk</name>
         <load_address>0x3e84</load_address>
         <run_address>0x3e84</run_address>
         <size>0x46</size>
         <input_file_ref idref="fl-e0"/>
      </object_component>
      <object_component id="oc-23f">
         <name>.text:__TI_auto_init_nobinit_nopinit:__TI_auto_init_nobinit_nopinit</name>
         <load_address>0x3ecc</load_address>
         <run_address>0x3ecc</run_address>
         <size>0x44</size>
         <input_file_ref idref="fl-d4"/>
      </object_component>
      <object_component id="oc-2a4">
         <name>.text</name>
         <load_address>0x3f10</load_address>
         <run_address>0x3f10</run_address>
         <size>0x40</size>
         <input_file_ref idref="fl-cd"/>
      </object_component>
      <object_component id="oc-2de">
         <name>.text:SSIConfigSetExpClk</name>
         <load_address>0x3f50</load_address>
         <run_address>0x3f50</run_address>
         <size>0x3c</size>
         <input_file_ref idref="fl-dd"/>
      </object_component>
      <object_component id="oc-289">
         <name>.text:SysCtlPeripheralPresent</name>
         <load_address>0x3f8c</load_address>
         <run_address>0x3f8c</run_address>
         <size>0x38</size>
         <input_file_ref idref="fl-de"/>
      </object_component>
      <object_component id="oc-b0">
         <name>.text:SysCtlPeripheralReady</name>
         <load_address>0x3fc4</load_address>
         <run_address>0x3fc4</run_address>
         <size>0x38</size>
         <input_file_ref idref="fl-de"/>
      </object_component>
      <object_component id="oc-a4">
         <name>.text:IntRegister</name>
         <load_address>0x3ffc</load_address>
         <run_address>0x3ffc</run_address>
         <size>0x34</size>
         <input_file_ref idref="fl-dc"/>
      </object_component>
      <object_component id="oc-aa">
         <name>.text:SysCtlPeripheralEnable</name>
         <load_address>0x4030</load_address>
         <run_address>0x4030</run_address>
         <size>0x34</size>
         <input_file_ref idref="fl-de"/>
      </object_component>
      <object_component id="oc-5f">
         <name>.text:_c_int00_noargs:_c_int00_noargs</name>
         <load_address>0x4064</load_address>
         <run_address>0x4064</run_address>
         <size>0x34</size>
         <input_file_ref idref="fl-d1"/>
      </object_component>
      <object_component id="oc-1a1">
         <name>.text</name>
         <load_address>0x4098</load_address>
         <run_address>0x4098</run_address>
         <size>0x2e</size>
         <input_file_ref idref="fl-ca"/>
      </object_component>
      <object_component id="oc-1f3">
         <name>.text:GPIODirModeSet</name>
         <load_address>0x40c6</load_address>
         <run_address>0x40c6</run_address>
         <size>0x2c</size>
         <input_file_ref idref="fl-da"/>
      </object_component>
      <object_component id="oc-9e">
         <name>.text:IntPrioritySet</name>
         <load_address>0x40f4</load_address>
         <run_address>0x40f4</run_address>
         <size>0x24</size>
         <input_file_ref idref="fl-dc"/>
      </object_component>
      <object_component id="oc-27c">
         <name>.text:UARTDisable</name>
         <load_address>0x4118</load_address>
         <run_address>0x4118</run_address>
         <size>0x20</size>
         <input_file_ref idref="fl-e0"/>
      </object_component>
      <object_component id="oc-208">
         <name>.text</name>
         <load_address>0x4138</load_address>
         <run_address>0x4138</run_address>
         <size>0x20</size>
         <input_file_ref idref="fl-cb"/>
      </object_component>
      <object_component id="oc-4d">
         <name>.text:decompress:ZI:__TI_zero_init_nomemset:__TI_zero_init_nomemset</name>
         <load_address>0x4158</load_address>
         <run_address>0x4158</run_address>
         <size>0x1c</size>
         <input_file_ref idref="fl-ce"/>
      </object_component>
      <object_component id="oc-1be">
         <name>.text:GPIOPinTypeGPIOOutput</name>
         <load_address>0x4174</load_address>
         <run_address>0x4174</run_address>
         <size>0x1a</size>
         <input_file_ref idref="fl-da"/>
      </object_component>
      <object_component id="oc-ed">
         <name>.text:GPIOUnlockPin</name>
         <load_address>0x4190</load_address>
         <run_address>0x4190</run_address>
         <size>0x18</size>
         <input_file_ref idref="fl-da"/>
      </object_component>
      <object_component id="oc-b6">
         <name>.text:TimerDisable</name>
         <load_address>0x41a8</load_address>
         <run_address>0x41a8</run_address>
         <size>0x18</size>
         <input_file_ref idref="fl-df"/>
      </object_component>
      <object_component id="oc-f3">
         <name>.text:GPIOPinTypeGPIOInput</name>
         <load_address>0x41c0</load_address>
         <run_address>0x41c0</run_address>
         <size>0x16</size>
         <input_file_ref idref="fl-da"/>
      </object_component>
      <object_component id="oc-173">
         <name>.text:GPIOPinTypeI2C</name>
         <load_address>0x41d6</load_address>
         <run_address>0x41d6</run_address>
         <size>0x16</size>
         <input_file_ref idref="fl-da"/>
      </object_component>
      <object_component id="oc-16d">
         <name>.text:GPIOPinTypeI2CSCL</name>
         <load_address>0x41ec</load_address>
         <run_address>0x41ec</run_address>
         <size>0x16</size>
         <input_file_ref idref="fl-da"/>
      </object_component>
      <object_component id="oc-2cc">
         <name>.text:GPIOPinTypeSSI</name>
         <load_address>0x4202</load_address>
         <run_address>0x4202</run_address>
         <size>0x16</size>
         <input_file_ref idref="fl-da"/>
      </object_component>
      <object_component id="oc-14e">
         <name>.text:GPIOPinTypeUART</name>
         <load_address>0x4218</load_address>
         <run_address>0x4218</run_address>
         <size>0x16</size>
         <input_file_ref idref="fl-da"/>
      </object_component>
      <object_component id="oc-282">
         <name>.text:UARTEnable</name>
         <load_address>0x422e</load_address>
         <run_address>0x422e</run_address>
         <size>0x14</size>
         <input_file_ref idref="fl-e0"/>
      </object_component>
      <object_component id="oc-d4">
         <name>.text:TimerLoadSet</name>
         <load_address>0x4242</load_address>
         <run_address>0x4242</run_address>
         <size>0x12</size>
         <input_file_ref idref="fl-df"/>
      </object_component>
      <object_component id="oc-c2">
         <name>.text:TimerPrescaleSet</name>
         <load_address>0x4254</load_address>
         <run_address>0x4254</run_address>
         <size>0x12</size>
         <input_file_ref idref="fl-df"/>
      </object_component>
      <object_component id="oc-92">
         <name>.text:IntMasterDisable</name>
         <load_address>0x4266</load_address>
         <run_address>0x4266</run_address>
         <size>0x10</size>
         <input_file_ref idref="fl-dc"/>
      </object_component>
      <object_component id="oc-da">
         <name>.text:IntMasterEnable</name>
         <load_address>0x4276</load_address>
         <run_address>0x4276</run_address>
         <size>0x10</size>
         <input_file_ref idref="fl-dc"/>
      </object_component>
      <object_component id="oc-e0">
         <name>.text:TimerEnable</name>
         <load_address>0x4286</load_address>
         <run_address>0x4286</run_address>
         <size>0xe</size>
         <input_file_ref idref="fl-df"/>
      </object_component>
      <object_component id="oc-1b">
         <name>.text:decompress:none:__TI_decompress_none</name>
         <load_address>0x4294</load_address>
         <run_address>0x4294</run_address>
         <size>0xe</size>
         <input_file_ref idref="fl-cf"/>
      </object_component>
      <object_component id="oc-1c5">
         <name>.text:CPUcpsid</name>
         <load_address>0x42a2</load_address>
         <run_address>0x42a2</run_address>
         <size>0xc</size>
         <input_file_ref idref="fl-e1"/>
      </object_component>
      <object_component id="oc-1e8">
         <name>.text:CPUcpsie</name>
         <load_address>0x42ae</load_address>
         <run_address>0x42ae</run_address>
         <size>0xc</size>
         <input_file_ref idref="fl-e1"/>
      </object_component>
      <object_component id="oc-2f6">
         <name>.text:SSIDataGet</name>
         <load_address>0x42ba</load_address>
         <run_address>0x42ba</run_address>
         <size>0xc</size>
         <input_file_ref idref="fl-dd"/>
      </object_component>
      <object_component id="oc-27">
         <name>.text</name>
         <load_address>0x42c6</load_address>
         <run_address>0x42c6</run_address>
         <size>0xc</size>
         <input_file_ref idref="fl-5"/>
      </object_component>
      <object_component id="oc-2b5">
         <name>.text:I2CMasterEnable</name>
         <load_address>0x42d2</load_address>
         <run_address>0x42d2</run_address>
         <size>0xa</size>
         <input_file_ref idref="fl-db"/>
      </object_component>
      <object_component id="oc-2ea">
         <name>.text:SSIDataPut</name>
         <load_address>0x42dc</load_address>
         <run_address>0x42dc</run_address>
         <size>0xa</size>
         <input_file_ref idref="fl-dd"/>
      </object_component>
      <object_component id="oc-2d2">
         <name>.text:SSIDisable</name>
         <load_address>0x42e6</load_address>
         <run_address>0x42e6</run_address>
         <size>0xa</size>
         <input_file_ref idref="fl-dd"/>
      </object_component>
      <object_component id="oc-2e4">
         <name>.text:SSIEnable</name>
         <load_address>0x42f0</load_address>
         <run_address>0x42f0</run_address>
         <size>0xa</size>
         <input_file_ref idref="fl-dd"/>
      </object_component>
      <object_component id="oc-295">
         <name>.text:UARTCharGet</name>
         <load_address>0x42fa</load_address>
         <run_address>0x42fa</run_address>
         <size>0xa</size>
         <input_file_ref idref="fl-e0"/>
      </object_component>
      <object_component id="oc-28f">
         <name>.text:UARTCharPut</name>
         <load_address>0x4304</load_address>
         <run_address>0x4304</run_address>
         <size>0xa</size>
         <input_file_ref idref="fl-e0"/>
      </object_component>
      <object_component id="oc-191">
         <name>.text:I2CMasterBusy</name>
         <load_address>0x430e</load_address>
         <run_address>0x430e</run_address>
         <size>0x8</size>
         <input_file_ref idref="fl-db"/>
      </object_component>
      <object_component id="oc-17f">
         <name>.text:I2CMasterSlaveAddrSet</name>
         <load_address>0x4316</load_address>
         <run_address>0x4316</run_address>
         <size>0x8</size>
         <input_file_ref idref="fl-db"/>
      </object_component>
      <object_component id="oc-2f0">
         <name>.text:SSIBusy</name>
         <load_address>0x431e</load_address>
         <run_address>0x431e</run_address>
         <size>0x8</size>
         <input_file_ref idref="fl-dd"/>
      </object_component>
      <object_component id="oc-ce">
         <name>.text:TimerIntEnable</name>
         <load_address>0x4326</load_address>
         <run_address>0x4326</run_address>
         <size>0x8</size>
         <input_file_ref idref="fl-df"/>
      </object_component>
      <object_component id="oc-1b2">
         <name>.text:GPIOPinWrite</name>
         <load_address>0x432e</load_address>
         <run_address>0x432e</run_address>
         <size>0x6</size>
         <input_file_ref idref="fl-da"/>
      </object_component>
      <object_component id="oc-2d8">
         <name>.text:SSIClockSourceSet</name>
         <load_address>0x4334</load_address>
         <run_address>0x4334</run_address>
         <size>0x6</size>
         <input_file_ref idref="fl-dd"/>
      </object_component>
      <object_component id="oc-ec">
         <name>.text:SysCtlDelay</name>
         <load_address>0x433a</load_address>
         <run_address>0x433a</run_address>
         <size>0x6</size>
         <input_file_ref idref="fl-de"/>
      </object_component>
      <object_component id="oc-154">
         <name>.text:UARTClockSourceSet</name>
         <load_address>0x4340</load_address>
         <run_address>0x4340</run_address>
         <size>0x6</size>
         <input_file_ref idref="fl-e0"/>
      </object_component>
      <object_component id="oc-18b">
         <name>.text:I2CMasterControl</name>
         <load_address>0x4346</load_address>
         <run_address>0x4346</run_address>
         <size>0x4</size>
         <input_file_ref idref="fl-db"/>
      </object_component>
      <object_component id="oc-197">
         <name>.text:I2CMasterDataGet</name>
         <load_address>0x434a</load_address>
         <run_address>0x434a</run_address>
         <size>0x4</size>
         <input_file_ref idref="fl-db"/>
      </object_component>
      <object_component id="oc-185">
         <name>.text:I2CMasterDataPut</name>
         <load_address>0x434e</load_address>
         <run_address>0x434e</run_address>
         <size>0x4</size>
         <input_file_ref idref="fl-db"/>
      </object_component>
      <object_component id="oc-c8">
         <name>.text:TimerIntClear</name>
         <load_address>0x4352</load_address>
         <run_address>0x4352</run_address>
         <size>0x4</size>
         <input_file_ref idref="fl-df"/>
      </object_component>
      <object_component id="oc-136">
         <name>.text:_system_pre_init</name>
         <load_address>0x4356</load_address>
         <run_address>0x4356</run_address>
         <size>0x4</size>
         <input_file_ref idref="fl-d5"/>
      </object_component>
      <object_component id="oc-233">
         <name>.text:abort:abort</name>
         <load_address>0x435a</load_address>
         <run_address>0x435a</run_address>
         <size>0x4</size>
         <input_file_ref idref="fl-d7"/>
      </object_component>
      <object_component id="oc-203">
         <name>.const:font</name>
         <load_address>0x4360</load_address>
         <run_address>0x4360</run_address>
         <size>0x500</size>
         <input_file_ref idref="fl-2"/>
      </object_component>
      <object_component id="oc-215">
         <name>.const:font</name>
         <load_address>0x4860</load_address>
         <run_address>0x4860</run_address>
         <size>0x500</size>
         <input_file_ref idref="fl-3"/>
      </object_component>
      <object_component id="oc-1d6">
         <name>.const:g_pui32Regs</name>
         <load_address>0x4d60</load_address>
         <run_address>0x4d60</run_address>
         <size>0x9c</size>
         <input_file_ref idref="fl-dc"/>
      </object_component>
      <object_component id="oc-271">
         <name>.const:g_pui32GPIOBaseAddrs</name>
         <load_address>0x4dfc</load_address>
         <run_address>0x4dfc</run_address>
         <size>0x90</size>
         <input_file_ref idref="fl-da"/>
      </object_component>
      <object_component id="oc-278">
         <name>.const:g_pui32Xtals</name>
         <load_address>0x4e8c</load_address>
         <run_address>0x4e8c</run_address>
         <size>0x6c</size>
         <input_file_ref idref="fl-de"/>
      </object_component>
      <object_component id="oc-1cc">
         <name>.const:g_pui32EnRegs</name>
         <load_address>0x4ef8</load_address>
         <run_address>0x4ef8</run_address>
         <size>0x14</size>
         <input_file_ref idref="fl-dc"/>
      </object_component>
      <object_component id="oc-369">
         <name>.const:.string</name>
         <load_address>0x4f0c</load_address>
         <run_address>0x4f0c</run_address>
         <size>0x12</size>
         <input_file_ref idref="fl-6"/>
      </object_component>
      <object_component id="oc-2a1">
         <name>.const:g_ui32UARTBase</name>
         <load_address>0x4f20</load_address>
         <run_address>0x4f20</run_address>
         <size>0xc</size>
         <input_file_ref idref="fl-6"/>
      </object_component>
      <object_component id="oc-29b">
         <name>.const:g_ui32UARTPeriph</name>
         <load_address>0x4f2c</load_address>
         <run_address>0x4f2c</run_address>
         <size>0xc</size>
         <input_file_ref idref="fl-6"/>
      </object_component>
      <object_component id="oc-2a9">
         <name>.const</name>
         <load_address>0x4f38</load_address>
         <run_address>0x4f38</run_address>
         <size>0x4</size>
         <input_file_ref idref="fl-6"/>
      </object_component>
      <object_component id="oc-3db">
         <name>.cinit..data.load</name>
         <load_address>0x4f40</load_address>
         <run_address>0x4f40</run_address>
         <size>0x12</size>
      </object_component>
      <object_component id="oc-3d8">
         <name>__TI_handler_table</name>
         <load_address>0x4f54</load_address>
         <run_address>0x4f54</run_address>
         <size>0xc</size>
      </object_component>
      <object_component id="oc-3da">
         <name>.cinit..vtable.load</name>
         <load_address>0x4f60</load_address>
         <run_address>0x4f60</run_address>
         <size>0x8</size>
      </object_component>
      <object_component id="oc-3d9">
         <name>__TI_cinit_table</name>
         <load_address>0x4f68</load_address>
         <run_address>0x4f68</run_address>
         <size>0x10</size>
      </object_component>
      <object_component id="oc-1da">
         <name>.vtable</name>
         <uninitialized>true</uninitialized>
         <run_address>0x20000000</run_address>
         <size>0x26c</size>
         <input_file_ref idref="fl-dc"/>
      </object_component>
      <object_component id="oc-200">
         <name>.data</name>
         <load_address>0x20000470</load_address>
         <run_address>0x20000470</run_address>
         <size>0xa</size>
         <input_file_ref idref="fl-2"/>
      </object_component>
      <object_component id="oc-212">
         <name>.data</name>
         <load_address>0x20000481</load_address>
         <run_address>0x20000481</run_address>
         <size>0x1</size>
         <input_file_ref idref="fl-3"/>
      </object_component>
      <object_component id="oc-105">
         <name>.data</name>
         <load_address>0x2000047a</load_address>
         <run_address>0x2000047a</run_address>
         <size>0x2</size>
         <input_file_ref idref="fl-4"/>
      </object_component>
      <object_component id="oc-29e">
         <name>.data</name>
         <load_address>0x2000047c</load_address>
         <run_address>0x2000047c</run_address>
         <size>0x5</size>
         <input_file_ref idref="fl-6"/>
      </object_component>
      <object_component id="oc-24">
         <name>.stack</name>
         <uninitialized>true</uninitialized>
         <run_address>0x20000270</run_address>
         <size>0x4</size>
         <input_file_ref idref="fl-d1"/>
      </object_component>
      <object_component id="oc-3dd">
         <name>.stack</name>
         <uninitialized>true</uninitialized>
         <run_address>0x20000270</run_address>
         <size>0x0</size>
      </object_component>
      <object_component id="oc-207">
         <name>.debug_info</name>
         <load_address>0x0</load_address>
         <run_address>0x0</run_address>
         <size>0x38a</size>
         <input_file_ref idref="fl-2"/>
      </object_component>
      <object_component id="oc-201">
         <name>.debug_info</name>
         <load_address>0x38a</load_address>
         <run_address>0x38a</run_address>
         <size>0x18f</size>
         <input_file_ref idref="fl-2"/>
      </object_component>
      <object_component id="oc-204">
         <name>.debug_info</name>
         <load_address>0x519</load_address>
         <run_address>0x519</run_address>
         <size>0xe2</size>
         <input_file_ref idref="fl-2"/>
      </object_component>
      <object_component id="oc-fc">
         <name>.debug_info</name>
         <load_address>0x5fb</load_address>
         <run_address>0x5fb</run_address>
         <size>0x2853</size>
         <input_file_ref idref="fl-2"/>
      </object_component>
      <object_component id="oc-116">
         <name>.debug_info</name>
         <load_address>0x2e4e</load_address>
         <run_address>0x2e4e</run_address>
         <size>0x26b</size>
         <input_file_ref idref="fl-2"/>
      </object_component>
      <object_component id="oc-109">
         <name>.debug_info</name>
         <load_address>0x30b9</load_address>
         <run_address>0x30b9</run_address>
         <size>0x8b</size>
         <input_file_ref idref="fl-2"/>
      </object_component>
      <object_component id="oc-21c">
         <name>.debug_info</name>
         <load_address>0x3144</load_address>
         <run_address>0x3144</run_address>
         <size>0x2a4</size>
         <input_file_ref idref="fl-2"/>
      </object_component>
      <object_component id="oc-10e">
         <name>.debug_info</name>
         <load_address>0x33e8</load_address>
         <run_address>0x33e8</run_address>
         <size>0xbb</size>
         <input_file_ref idref="fl-2"/>
      </object_component>
      <object_component id="oc-2ae">
         <name>.debug_info</name>
         <load_address>0x34a3</load_address>
         <run_address>0x34a3</run_address>
         <size>0x2c</size>
         <input_file_ref idref="fl-2"/>
      </object_component>
      <object_component id="oc-219">
         <name>.debug_info</name>
         <load_address>0x34cf</load_address>
         <run_address>0x34cf</run_address>
         <size>0x30f</size>
         <input_file_ref idref="fl-3"/>
      </object_component>
      <object_component id="oc-216">
         <name>.debug_info</name>
         <load_address>0x37de</load_address>
         <run_address>0x37de</run_address>
         <size>0xe1</size>
         <input_file_ref idref="fl-3"/>
      </object_component>
      <object_component id="oc-213">
         <name>.debug_info</name>
         <load_address>0x38bf</load_address>
         <run_address>0x38bf</run_address>
         <size>0xe9</size>
         <input_file_ref idref="fl-3"/>
      </object_component>
      <object_component id="oc-101">
         <name>.debug_info</name>
         <load_address>0x39a8</load_address>
         <run_address>0x39a8</run_address>
         <size>0x478</size>
         <input_file_ref idref="fl-3"/>
      </object_component>
      <object_component id="oc-3c">
         <name>.debug_info</name>
         <load_address>0x3e20</load_address>
         <run_address>0x3e20</run_address>
         <size>0x84</size>
         <input_file_ref idref="fl-3"/>
      </object_component>
      <object_component id="oc-113">
         <name>.debug_info</name>
         <load_address>0x3ea4</load_address>
         <run_address>0x3ea4</run_address>
         <size>0x8fd</size>
         <input_file_ref idref="fl-4"/>
      </object_component>
      <object_component id="oc-106">
         <name>.debug_info</name>
         <load_address>0x47a1</load_address>
         <run_address>0x47a1</run_address>
         <size>0x121</size>
         <input_file_ref idref="fl-4"/>
      </object_component>
      <object_component id="oc-30">
         <name>.debug_info</name>
         <load_address>0x48c2</load_address>
         <run_address>0x48c2</run_address>
         <size>0x8e5</size>
         <input_file_ref idref="fl-4"/>
      </object_component>
      <object_component id="oc-35">
         <name>.debug_info</name>
         <load_address>0x51a7</load_address>
         <run_address>0x51a7</run_address>
         <size>0x2e7</size>
         <input_file_ref idref="fl-5"/>
      </object_component>
      <object_component id="oc-13">
         <name>.debug_info</name>
         <load_address>0x548e</load_address>
         <run_address>0x548e</run_address>
         <size>0x100</size>
         <input_file_ref idref="fl-5"/>
      </object_component>
      <object_component id="oc-29">
         <name>.debug_info</name>
         <load_address>0x558e</load_address>
         <run_address>0x558e</run_address>
         <size>0x27c</size>
         <input_file_ref idref="fl-5"/>
      </object_component>
      <object_component id="oc-2ad">
         <name>.debug_info</name>
         <load_address>0x580a</load_address>
         <run_address>0x580a</run_address>
         <size>0x3f5</size>
         <input_file_ref idref="fl-6"/>
      </object_component>
      <object_component id="oc-29f">
         <name>.debug_info</name>
         <load_address>0x5bff</load_address>
         <run_address>0x5bff</run_address>
         <size>0xec</size>
         <input_file_ref idref="fl-6"/>
      </object_component>
      <object_component id="oc-2aa">
         <name>.debug_info</name>
         <load_address>0x5ceb</load_address>
         <run_address>0x5ceb</run_address>
         <size>0xe6</size>
         <input_file_ref idref="fl-6"/>
      </object_component>
      <object_component id="oc-2a2">
         <name>.debug_info</name>
         <load_address>0x5dd1</load_address>
         <run_address>0x5dd1</run_address>
         <size>0xf4</size>
         <input_file_ref idref="fl-6"/>
      </object_component>
      <object_component id="oc-29c">
         <name>.debug_info</name>
         <load_address>0x5ec5</load_address>
         <run_address>0x5ec5</run_address>
         <size>0xf8</size>
         <input_file_ref idref="fl-6"/>
      </object_component>
      <object_component id="oc-168">
         <name>.debug_info</name>
         <load_address>0x5fbd</load_address>
         <run_address>0x5fbd</run_address>
         <size>0x795</size>
         <input_file_ref idref="fl-6"/>
      </object_component>
      <object_component id="oc-1a0">
         <name>.debug_info</name>
         <load_address>0x6752</load_address>
         <run_address>0x6752</run_address>
         <size>0x3cd</size>
         <input_file_ref idref="fl-7"/>
      </object_component>
      <object_component id="oc-81">
         <name>.debug_info</name>
         <load_address>0x6b1f</load_address>
         <run_address>0x6b1f</run_address>
         <size>0xda5</size>
         <input_file_ref idref="fl-7"/>
      </object_component>
      <object_component id="oc-1b1">
         <name>.debug_info</name>
         <load_address>0x78c4</load_address>
         <run_address>0x78c4</run_address>
         <size>0x3a6</size>
         <input_file_ref idref="fl-8"/>
      </object_component>
      <object_component id="oc-87">
         <name>.debug_info</name>
         <load_address>0x7c6a</load_address>
         <run_address>0x7c6a</run_address>
         <size>0x8c4</size>
         <input_file_ref idref="fl-8"/>
      </object_component>
      <object_component id="oc-8e">
         <name>.debug_info</name>
         <load_address>0x852e</load_address>
         <run_address>0x852e</run_address>
         <size>0x17b5</size>
         <input_file_ref idref="fl-9"/>
      </object_component>
      <object_component id="oc-19e">
         <name>.debug_info</name>
         <load_address>0x9ce3</load_address>
         <run_address>0x9ce3</run_address>
         <size>0x4f9</size>
         <input_file_ref idref="fl-a"/>
      </object_component>
      <object_component id="oc-7b">
         <name>.debug_info</name>
         <load_address>0xa1dc</load_address>
         <run_address>0xa1dc</run_address>
         <size>0x994</size>
         <input_file_ref idref="fl-a"/>
      </object_component>
      <object_component id="oc-2fd">
         <name>.debug_info</name>
         <load_address>0xab70</load_address>
         <run_address>0xab70</run_address>
         <size>0x4eb</size>
         <input_file_ref idref="fl-b"/>
      </object_component>
      <object_component id="oc-1bc">
         <name>.debug_info</name>
         <load_address>0xb05b</load_address>
         <run_address>0xb05b</run_address>
         <size>0x736</size>
         <input_file_ref idref="fl-b"/>
      </object_component>
      <object_component id="oc-75">
         <name>.debug_info</name>
         <load_address>0xb791</load_address>
         <run_address>0xb791</run_address>
         <size>0x258</size>
         <input_file_ref idref="fl-c"/>
      </object_component>
      <object_component id="oc-20e">
         <name>.debug_info</name>
         <load_address>0xb9e9</load_address>
         <run_address>0xb9e9</run_address>
         <size>0x14c</size>
         <input_file_ref idref="fl-c7"/>
      </object_component>
      <object_component id="oc-1a9">
         <name>.debug_info</name>
         <load_address>0xbb35</load_address>
         <run_address>0xbb35</run_address>
         <size>0x13a</size>
         <input_file_ref idref="fl-c8"/>
      </object_component>
      <object_component id="oc-1ad">
         <name>.debug_info</name>
         <load_address>0xbc6f</load_address>
         <run_address>0xbc6f</run_address>
         <size>0x12e</size>
         <input_file_ref idref="fl-c9"/>
      </object_component>
      <object_component id="oc-1a3">
         <name>.debug_info</name>
         <load_address>0xbd9d</load_address>
         <run_address>0xbd9d</run_address>
         <size>0x12c</size>
         <input_file_ref idref="fl-ca"/>
      </object_component>
      <object_component id="oc-20b">
         <name>.debug_info</name>
         <load_address>0xbec9</load_address>
         <run_address>0xbec9</run_address>
         <size>0x12e</size>
         <input_file_ref idref="fl-cb"/>
      </object_component>
      <object_component id="oc-133">
         <name>.debug_info</name>
         <load_address>0xbff7</load_address>
         <run_address>0xbff7</run_address>
         <size>0x147</size>
         <input_file_ref idref="fl-cc"/>
      </object_component>
      <object_component id="oc-2a5">
         <name>.debug_info</name>
         <load_address>0xc13e</load_address>
         <run_address>0xc13e</run_address>
         <size>0x142</size>
         <input_file_ref idref="fl-cd"/>
      </object_component>
      <object_component id="oc-12f">
         <name>.debug_info</name>
         <load_address>0xc280</load_address>
         <run_address>0xc280</run_address>
         <size>0x2d4</size>
         <input_file_ref idref="fl-ce"/>
      </object_component>
      <object_component id="oc-51">
         <name>.debug_info</name>
         <load_address>0xc554</load_address>
         <run_address>0xc554</run_address>
         <size>0x1d2</size>
         <input_file_ref idref="fl-ce"/>
      </object_component>
      <object_component id="oc-12a">
         <name>.debug_info</name>
         <load_address>0xc726</load_address>
         <run_address>0xc726</run_address>
         <size>0x46</size>
         <input_file_ref idref="fl-ce"/>
      </object_component>
      <object_component id="oc-22a">
         <name>.debug_info</name>
         <load_address>0xc76c</load_address>
         <run_address>0xc76c</run_address>
         <size>0x2c</size>
         <input_file_ref idref="fl-ce"/>
      </object_component>
      <object_component id="oc-4c">
         <name>.debug_info</name>
         <load_address>0xc798</load_address>
         <run_address>0xc798</run_address>
         <size>0x2a8</size>
         <input_file_ref idref="fl-cf"/>
      </object_component>
      <object_component id="oc-1c">
         <name>.debug_info</name>
         <load_address>0xca40</load_address>
         <run_address>0xca40</run_address>
         <size>0x1ea</size>
         <input_file_ref idref="fl-cf"/>
      </object_component>
      <object_component id="oc-47">
         <name>.debug_info</name>
         <load_address>0xcc2a</load_address>
         <run_address>0xcc2a</run_address>
         <size>0x46</size>
         <input_file_ref idref="fl-cf"/>
      </object_component>
      <object_component id="oc-122">
         <name>.debug_info</name>
         <load_address>0xcc70</load_address>
         <run_address>0xcc70</run_address>
         <size>0x2c</size>
         <input_file_ref idref="fl-cf"/>
      </object_component>
      <object_component id="oc-120">
         <name>.debug_info</name>
         <load_address>0xcc9c</load_address>
         <run_address>0xcc9c</run_address>
         <size>0x29e</size>
         <input_file_ref idref="fl-d0"/>
      </object_component>
      <object_component id="oc-18">
         <name>.debug_info</name>
         <load_address>0xcf3a</load_address>
         <run_address>0xcf3a</run_address>
         <size>0x250</size>
         <input_file_ref idref="fl-d0"/>
      </object_component>
      <object_component id="oc-37">
         <name>.debug_info</name>
         <load_address>0xd18a</load_address>
         <run_address>0xd18a</run_address>
         <size>0x60</size>
         <input_file_ref idref="fl-d0"/>
      </object_component>
      <object_component id="oc-223">
         <name>.debug_info</name>
         <load_address>0xd1ea</load_address>
         <run_address>0xd1ea</run_address>
         <size>0x46</size>
         <input_file_ref idref="fl-d0"/>
      </object_component>
      <object_component id="oc-11b">
         <name>.debug_info</name>
         <load_address>0xd230</load_address>
         <run_address>0xd230</run_address>
         <size>0x39</size>
         <input_file_ref idref="fl-d0"/>
      </object_component>
      <object_component id="oc-25">
         <name>.debug_info</name>
         <load_address>0xd269</load_address>
         <run_address>0xd269</run_address>
         <size>0x10b</size>
         <input_file_ref idref="fl-d1"/>
      </object_component>
      <object_component id="oc-63">
         <name>.debug_info</name>
         <load_address>0xd374</load_address>
         <run_address>0xd374</run_address>
         <size>0x1a9</size>
         <input_file_ref idref="fl-d1"/>
      </object_component>
      <object_component id="oc-364">
         <name>.debug_info</name>
         <load_address>0xd51d</load_address>
         <run_address>0xd51d</run_address>
         <size>0x115</size>
         <input_file_ref idref="fl-d2"/>
      </object_component>
      <object_component id="oc-42">
         <name>.debug_info</name>
         <load_address>0xd632</load_address>
         <run_address>0xd632</run_address>
         <size>0x119</size>
         <input_file_ref idref="fl-d3"/>
      </object_component>
      <object_component id="oc-33d">
         <name>.debug_info</name>
         <load_address>0xd74b</load_address>
         <run_address>0xd74b</run_address>
         <size>0x4b3</size>
         <input_file_ref idref="fl-d4"/>
      </object_component>
      <object_component id="oc-240">
         <name>.debug_info</name>
         <load_address>0xdbfe</load_address>
         <run_address>0xdbfe</run_address>
         <size>0x1a6</size>
         <input_file_ref idref="fl-d4"/>
      </object_component>
      <object_component id="oc-38c">
         <name>.debug_info</name>
         <load_address>0xdda4</load_address>
         <run_address>0xdda4</run_address>
         <size>0x39</size>
         <input_file_ref idref="fl-d4"/>
      </object_component>
      <object_component id="oc-3a3">
         <name>.debug_info</name>
         <load_address>0xdddd</load_address>
         <run_address>0xdddd</run_address>
         <size>0x39</size>
         <input_file_ref idref="fl-d4"/>
      </object_component>
      <object_component id="oc-391">
         <name>.debug_info</name>
         <load_address>0xde16</load_address>
         <run_address>0xde16</run_address>
         <size>0x39</size>
         <input_file_ref idref="fl-d4"/>
      </object_component>
      <object_component id="oc-396">
         <name>.debug_info</name>
         <load_address>0xde4f</load_address>
         <run_address>0xde4f</run_address>
         <size>0xcd</size>
         <input_file_ref idref="fl-d4"/>
      </object_component>
      <object_component id="oc-137">
         <name>.debug_info</name>
         <load_address>0xdf1c</load_address>
         <run_address>0xdf1c</run_address>
         <size>0x153</size>
         <input_file_ref idref="fl-d5"/>
      </object_component>
      <object_component id="oc-234">
         <name>.debug_info</name>
         <load_address>0xe06f</load_address>
         <run_address>0xe06f</run_address>
         <size>0x122</size>
         <input_file_ref idref="fl-d7"/>
      </object_component>
      <object_component id="oc-1f2">
         <name>.debug_info</name>
         <load_address>0xe191</load_address>
         <run_address>0xe191</run_address>
         <size>0x3e4</size>
         <input_file_ref idref="fl-da"/>
      </object_component>
      <object_component id="oc-272">
         <name>.debug_info</name>
         <load_address>0xe575</load_address>
         <run_address>0xe575</run_address>
         <size>0x164</size>
         <input_file_ref idref="fl-da"/>
      </object_component>
      <object_component id="oc-ee">
         <name>.debug_info</name>
         <load_address>0xe6d9</load_address>
         <run_address>0xe6d9</run_address>
         <size>0x284</size>
         <input_file_ref idref="fl-da"/>
      </object_component>
      <object_component id="oc-1b3">
         <name>.debug_info</name>
         <load_address>0xe95d</load_address>
         <run_address>0xe95d</run_address>
         <size>0x2ac</size>
         <input_file_ref idref="fl-da"/>
      </object_component>
      <object_component id="oc-1f4">
         <name>.debug_info</name>
         <load_address>0xec09</load_address>
         <run_address>0xec09</run_address>
         <size>0x2bc</size>
         <input_file_ref idref="fl-da"/>
      </object_component>
      <object_component id="oc-1fa">
         <name>.debug_info</name>
         <load_address>0xeec5</load_address>
         <run_address>0xeec5</run_address>
         <size>0x31f</size>
         <input_file_ref idref="fl-da"/>
      </object_component>
      <object_component id="oc-14f">
         <name>.debug_info</name>
         <load_address>0xf1e4</load_address>
         <run_address>0xf1e4</run_address>
         <size>0x29b</size>
         <input_file_ref idref="fl-da"/>
      </object_component>
      <object_component id="oc-2cd">
         <name>.debug_info</name>
         <load_address>0xf47f</load_address>
         <run_address>0xf47f</run_address>
         <size>0x299</size>
         <input_file_ref idref="fl-da"/>
      </object_component>
      <object_component id="oc-16e">
         <name>.debug_info</name>
         <load_address>0xf718</load_address>
         <run_address>0xf718</run_address>
         <size>0x29f</size>
         <input_file_ref idref="fl-da"/>
      </object_component>
      <object_component id="oc-174">
         <name>.debug_info</name>
         <load_address>0xf9b7</load_address>
         <run_address>0xf9b7</run_address>
         <size>0x299</size>
         <input_file_ref idref="fl-da"/>
      </object_component>
      <object_component id="oc-1bf">
         <name>.debug_info</name>
         <load_address>0xfc50</load_address>
         <run_address>0xfc50</run_address>
         <size>0x2c0</size>
         <input_file_ref idref="fl-da"/>
      </object_component>
      <object_component id="oc-f4">
         <name>.debug_info</name>
         <load_address>0xff10</load_address>
         <run_address>0xff10</run_address>
         <size>0x2a5</size>
         <input_file_ref idref="fl-da"/>
      </object_component>
      <object_component id="oc-149">
         <name>.debug_info</name>
         <load_address>0x101b5</load_address>
         <run_address>0x101b5</run_address>
         <size>0x289</size>
         <input_file_ref idref="fl-da"/>
      </object_component>
      <object_component id="oc-309">
         <name>.debug_info</name>
         <load_address>0x1043e</load_address>
         <run_address>0x1043e</run_address>
         <size>0x26b</size>
         <input_file_ref idref="fl-da"/>
      </object_component>
      <object_component id="oc-302">
         <name>.debug_info</name>
         <load_address>0x106a9</load_address>
         <run_address>0x106a9</run_address>
         <size>0x297</size>
         <input_file_ref idref="fl-da"/>
      </object_component>
      <object_component id="oc-318">
         <name>.debug_info</name>
         <load_address>0x10940</load_address>
         <run_address>0x10940</run_address>
         <size>0xef</size>
         <input_file_ref idref="fl-da"/>
      </object_component>
      <object_component id="oc-1d0">
         <name>.debug_info</name>
         <load_address>0x10a2f</load_address>
         <run_address>0x10a2f</run_address>
         <size>0xbb</size>
         <input_file_ref idref="fl-da"/>
      </object_component>
      <object_component id="oc-2bc">
         <name>.debug_info</name>
         <load_address>0x10aea</load_address>
         <run_address>0x10aea</run_address>
         <size>0x3d5</size>
         <input_file_ref idref="fl-db"/>
      </object_component>
      <object_component id="oc-183">
         <name>.debug_info</name>
         <load_address>0x10ebf</load_address>
         <run_address>0x10ebf</run_address>
         <size>0x2d7</size>
         <input_file_ref idref="fl-db"/>
      </object_component>
      <object_component id="oc-2b9">
         <name>.debug_info</name>
         <load_address>0x11196</load_address>
         <run_address>0x11196</run_address>
         <size>0x257</size>
         <input_file_ref idref="fl-db"/>
      </object_component>
      <object_component id="oc-17d">
         <name>.debug_info</name>
         <load_address>0x113ed</load_address>
         <run_address>0x113ed</run_address>
         <size>0x2f1</size>
         <input_file_ref idref="fl-db"/>
      </object_component>
      <object_component id="oc-189">
         <name>.debug_info</name>
         <load_address>0x116de</load_address>
         <run_address>0x116de</run_address>
         <size>0x287</size>
         <input_file_ref idref="fl-db"/>
      </object_component>
      <object_component id="oc-19b">
         <name>.debug_info</name>
         <load_address>0x11965</load_address>
         <run_address>0x11965</run_address>
         <size>0x25d</size>
         <input_file_ref idref="fl-db"/>
      </object_component>
      <object_component id="oc-18f">
         <name>.debug_info</name>
         <load_address>0x11bc2</load_address>
         <run_address>0x11bc2</run_address>
         <size>0x287</size>
         <input_file_ref idref="fl-db"/>
      </object_component>
      <object_component id="oc-195">
         <name>.debug_info</name>
         <load_address>0x11e49</load_address>
         <run_address>0x11e49</run_address>
         <size>0x257</size>
         <input_file_ref idref="fl-db"/>
      </object_component>
      <object_component id="oc-1d5">
         <name>.debug_info</name>
         <load_address>0x120a0</load_address>
         <run_address>0x120a0</run_address>
         <size>0x3b7</size>
         <input_file_ref idref="fl-dc"/>
      </object_component>
      <object_component id="oc-1d7">
         <name>.debug_info</name>
         <load_address>0x12457</load_address>
         <run_address>0x12457</run_address>
         <size>0x157</size>
         <input_file_ref idref="fl-dc"/>
      </object_component>
      <object_component id="oc-1cd">
         <name>.debug_info</name>
         <load_address>0x125ae</load_address>
         <run_address>0x125ae</run_address>
         <size>0x15b</size>
         <input_file_ref idref="fl-dc"/>
      </object_component>
      <object_component id="oc-1db">
         <name>.debug_info</name>
         <load_address>0x12709</load_address>
         <run_address>0x12709</run_address>
         <size>0x160</size>
         <input_file_ref idref="fl-dc"/>
      </object_component>
      <object_component id="oc-a5">
         <name>.debug_info</name>
         <load_address>0x12869</load_address>
         <run_address>0x12869</run_address>
         <size>0x2ca</size>
         <input_file_ref idref="fl-dc"/>
      </object_component>
      <object_component id="oc-9f">
         <name>.debug_info</name>
         <load_address>0x12b33</load_address>
         <run_address>0x12b33</run_address>
         <size>0x2d2</size>
         <input_file_ref idref="fl-dc"/>
      </object_component>
      <object_component id="oc-db">
         <name>.debug_info</name>
         <load_address>0x12e05</load_address>
         <run_address>0x12e05</run_address>
         <size>0x247</size>
         <input_file_ref idref="fl-dc"/>
      </object_component>
      <object_component id="oc-93">
         <name>.debug_info</name>
         <load_address>0x1304c</load_address>
         <run_address>0x1304c</run_address>
         <size>0x249</size>
         <input_file_ref idref="fl-dc"/>
      </object_component>
      <object_component id="oc-99">
         <name>.debug_info</name>
         <load_address>0x13295</load_address>
         <run_address>0x13295</run_address>
         <size>0x271</size>
         <input_file_ref idref="fl-dc"/>
      </object_component>
      <object_component id="oc-373">
         <name>.debug_info</name>
         <load_address>0x13506</load_address>
         <run_address>0x13506</run_address>
         <size>0x3c0</size>
         <input_file_ref idref="fl-dd"/>
      </object_component>
      <object_component id="oc-2e6">
         <name>.debug_info</name>
         <load_address>0x138c6</load_address>
         <run_address>0x138c6</run_address>
         <size>0x24b</size>
         <input_file_ref idref="fl-dd"/>
      </object_component>
      <object_component id="oc-2d5">
         <name>.debug_info</name>
         <load_address>0x13b11</load_address>
         <run_address>0x13b11</run_address>
         <size>0x24d</size>
         <input_file_ref idref="fl-dd"/>
      </object_component>
      <object_component id="oc-2ed">
         <name>.debug_info</name>
         <load_address>0x13d5e</load_address>
         <run_address>0x13d5e</run_address>
         <size>0x27f</size>
         <input_file_ref idref="fl-dd"/>
      </object_component>
      <object_component id="oc-2f8">
         <name>.debug_info</name>
         <load_address>0x13fdd</load_address>
         <run_address>0x13fdd</run_address>
         <size>0x283</size>
         <input_file_ref idref="fl-dd"/>
      </object_component>
      <object_component id="oc-2e1">
         <name>.debug_info</name>
         <load_address>0x14260</load_address>
         <run_address>0x14260</run_address>
         <size>0x3e2</size>
         <input_file_ref idref="fl-dd"/>
      </object_component>
      <object_component id="oc-2db">
         <name>.debug_info</name>
         <load_address>0x14642</load_address>
         <run_address>0x14642</run_address>
         <size>0x295</size>
         <input_file_ref idref="fl-dd"/>
      </object_component>
      <object_component id="oc-2f2">
         <name>.debug_info</name>
         <load_address>0x148d7</load_address>
         <run_address>0x148d7</run_address>
         <size>0x24b</size>
         <input_file_ref idref="fl-dd"/>
      </object_component>
      <object_component id="oc-1df">
         <name>.debug_info</name>
         <load_address>0x14b22</load_address>
         <run_address>0x14b22</run_address>
         <size>0x441</size>
         <input_file_ref idref="fl-de"/>
      </object_component>
      <object_component id="oc-279">
         <name>.debug_info</name>
         <load_address>0x14f63</load_address>
         <run_address>0x14f63</run_address>
         <size>0x156</size>
         <input_file_ref idref="fl-de"/>
      </object_component>
      <object_component id="oc-b2">
         <name>.debug_info</name>
         <load_address>0x150b9</load_address>
         <run_address>0x150b9</run_address>
         <size>0x288</size>
         <input_file_ref idref="fl-de"/>
      </object_component>
      <object_component id="oc-28c">
         <name>.debug_info</name>
         <load_address>0x15341</load_address>
         <run_address>0x15341</run_address>
         <size>0x28c</size>
         <input_file_ref idref="fl-de"/>
      </object_component>
      <object_component id="oc-ad">
         <name>.debug_info</name>
         <load_address>0x155cd</load_address>
         <run_address>0x155cd</run_address>
         <size>0x286</size>
         <input_file_ref idref="fl-de"/>
      </object_component>
      <object_component id="oc-e8">
         <name>.debug_info</name>
         <load_address>0x15853</load_address>
         <run_address>0x15853</run_address>
         <size>0x2e4</size>
         <input_file_ref idref="fl-de"/>
      </object_component>
      <object_component id="oc-15c">
         <name>.debug_info</name>
         <load_address>0x15b37</load_address>
         <run_address>0x15b37</run_address>
         <size>0x2be</size>
         <input_file_ref idref="fl-de"/>
      </object_component>
      <object_component id="oc-314">
         <name>.debug_info</name>
         <load_address>0x15df5</load_address>
         <run_address>0x15df5</run_address>
         <size>0x51</size>
         <input_file_ref idref="fl-de"/>
      </object_component>
      <object_component id="oc-1e2">
         <name>.debug_info</name>
         <load_address>0x15e46</load_address>
         <run_address>0x15e46</run_address>
         <size>0x3c7</size>
         <input_file_ref idref="fl-df"/>
      </object_component>
      <object_component id="oc-c4">
         <name>.debug_info</name>
         <load_address>0x1620d</load_address>
         <run_address>0x1620d</run_address>
         <size>0x2cb</size>
         <input_file_ref idref="fl-df"/>
      </object_component>
      <object_component id="oc-d6">
         <name>.debug_info</name>
         <load_address>0x164d8</load_address>
         <run_address>0x164d8</run_address>
         <size>0x2c3</size>
         <input_file_ref idref="fl-df"/>
      </object_component>
      <object_component id="oc-cf">
         <name>.debug_info</name>
         <load_address>0x1679b</load_address>
         <run_address>0x1679b</run_address>
         <size>0x29d</size>
         <input_file_ref idref="fl-df"/>
      </object_component>
      <object_component id="oc-ca">
         <name>.debug_info</name>
         <load_address>0x16a38</load_address>
         <run_address>0x16a38</run_address>
         <size>0x29b</size>
         <input_file_ref idref="fl-df"/>
      </object_component>
      <object_component id="oc-e2">
         <name>.debug_info</name>
         <load_address>0x16cd3</load_address>
         <run_address>0x16cd3</run_address>
         <size>0x288</size>
         <input_file_ref idref="fl-df"/>
      </object_component>
      <object_component id="oc-b8">
         <name>.debug_info</name>
         <load_address>0x16f5b</load_address>
         <run_address>0x16f5b</run_address>
         <size>0x28a</size>
         <input_file_ref idref="fl-df"/>
      </object_component>
      <object_component id="oc-be">
         <name>.debug_info</name>
         <load_address>0x171e5</load_address>
         <run_address>0x171e5</run_address>
         <size>0x295</size>
         <input_file_ref idref="fl-df"/>
      </object_component>
      <object_component id="oc-277">
         <name>.debug_info</name>
         <load_address>0x1747a</load_address>
         <run_address>0x1747a</run_address>
         <size>0x3cb</size>
         <input_file_ref idref="fl-e0"/>
      </object_component>
      <object_component id="oc-283">
         <name>.debug_info</name>
         <load_address>0x17845</load_address>
         <run_address>0x17845</run_address>
         <size>0x250</size>
         <input_file_ref idref="fl-e0"/>
      </object_component>
      <object_component id="oc-27d">
         <name>.debug_info</name>
         <load_address>0x17a95</load_address>
         <run_address>0x17a95</run_address>
         <size>0x252</size>
         <input_file_ref idref="fl-e0"/>
      </object_component>
      <object_component id="oc-161">
         <name>.debug_info</name>
         <load_address>0x17ce7</load_address>
         <run_address>0x17ce7</run_address>
         <size>0x32f</size>
         <input_file_ref idref="fl-e0"/>
      </object_component>
      <object_component id="oc-155">
         <name>.debug_info</name>
         <load_address>0x18016</load_address>
         <run_address>0x18016</run_address>
         <size>0x29a</size>
         <input_file_ref idref="fl-e0"/>
      </object_component>
      <object_component id="oc-290">
         <name>.debug_info</name>
         <load_address>0x182b0</load_address>
         <run_address>0x182b0</run_address>
         <size>0x27c</size>
         <input_file_ref idref="fl-e0"/>
      </object_component>
      <object_component id="oc-296">
         <name>.debug_info</name>
         <load_address>0x1852c</load_address>
         <run_address>0x1852c</run_address>
         <size>0x256</size>
         <input_file_ref idref="fl-e0"/>
      </object_component>
      <object_component id="oc-1eb">
         <name>.debug_info</name>
         <load_address>0x18782</load_address>
         <run_address>0x18782</run_address>
         <size>0x21b</size>
         <input_file_ref idref="fl-e1"/>
      </object_component>
      <object_component id="oc-1c8">
         <name>.debug_info</name>
         <load_address>0x1899d</load_address>
         <run_address>0x1899d</run_address>
         <size>0x218</size>
         <input_file_ref idref="fl-e1"/>
      </object_component>
      <object_component id="oc-3de">
         <name>.debug_info</name>
         <load_address>0x18bb5</load_address>
         <run_address>0x18bb5</run_address>
         <size>0xb3</size>
      </object_component>
      <object_component id="oc-329">
         <name>.debug_line</name>
         <load_address>0x0</load_address>
         <run_address>0x0</run_address>
         <size>0x5e</size>
         <input_file_ref idref="fl-2"/>
      </object_component>
      <object_component id="oc-325">
         <name>.debug_line</name>
         <load_address>0x5e</load_address>
         <run_address>0x5e</run_address>
         <size>0x34</size>
         <input_file_ref idref="fl-2"/>
      </object_component>
      <object_component id="oc-327">
         <name>.debug_line</name>
         <load_address>0x92</load_address>
         <run_address>0x92</run_address>
         <size>0x34</size>
         <input_file_ref idref="fl-2"/>
      </object_component>
      <object_component id="oc-fb">
         <name>.debug_line</name>
         <load_address>0xc6</load_address>
         <run_address>0xc6</run_address>
         <size>0x77e</size>
         <input_file_ref idref="fl-2"/>
      </object_component>
      <object_component id="oc-119">
         <name>.debug_line</name>
         <load_address>0x844</load_address>
         <run_address>0x844</run_address>
         <size>0x6f</size>
         <input_file_ref idref="fl-2"/>
      </object_component>
      <object_component id="oc-10c">
         <name>.debug_line</name>
         <load_address>0x8b3</load_address>
         <run_address>0x8b3</run_address>
         <size>0x20</size>
         <input_file_ref idref="fl-2"/>
      </object_component>
      <object_component id="oc-21f">
         <name>.debug_line</name>
         <load_address>0x8d3</load_address>
         <run_address>0x8d3</run_address>
         <size>0x73</size>
         <input_file_ref idref="fl-2"/>
      </object_component>
      <object_component id="oc-111">
         <name>.debug_line</name>
         <load_address>0x946</load_address>
         <run_address>0x946</run_address>
         <size>0x70</size>
         <input_file_ref idref="fl-2"/>
      </object_component>
      <object_component id="oc-2b1">
         <name>.debug_line</name>
         <load_address>0x9b6</load_address>
         <run_address>0x9b6</run_address>
         <size>0x6b</size>
         <input_file_ref idref="fl-2"/>
      </object_component>
      <object_component id="oc-331">
         <name>.debug_line</name>
         <load_address>0xa21</load_address>
         <run_address>0xa21</run_address>
         <size>0x33</size>
         <input_file_ref idref="fl-3"/>
      </object_component>
      <object_component id="oc-32f">
         <name>.debug_line</name>
         <load_address>0xa54</load_address>
         <run_address>0xa54</run_address>
         <size>0x2d</size>
         <input_file_ref idref="fl-3"/>
      </object_component>
      <object_component id="oc-32d">
         <name>.debug_line</name>
         <load_address>0xa81</load_address>
         <run_address>0xa81</run_address>
         <size>0x33</size>
         <input_file_ref idref="fl-3"/>
      </object_component>
      <object_component id="oc-103">
         <name>.debug_line</name>
         <load_address>0xab4</load_address>
         <run_address>0xab4</run_address>
         <size>0xa0</size>
         <input_file_ref idref="fl-3"/>
      </object_component>
      <object_component id="oc-3f">
         <name>.debug_line</name>
         <load_address>0xb54</load_address>
         <run_address>0xb54</run_address>
         <size>0x20</size>
         <input_file_ref idref="fl-3"/>
      </object_component>
      <object_component id="oc-222">
         <name>.debug_line</name>
         <load_address>0xb74</load_address>
         <run_address>0xb74</run_address>
         <size>0x231</size>
         <input_file_ref idref="fl-4"/>
      </object_component>
      <object_component id="oc-21b">
         <name>.debug_line</name>
         <load_address>0xda5</load_address>
         <run_address>0xda5</run_address>
         <size>0x31</size>
         <input_file_ref idref="fl-4"/>
      </object_component>
      <object_component id="oc-2f">
         <name>.debug_line</name>
         <load_address>0xdd6</load_address>
         <run_address>0xdd6</run_address>
         <size>0x1b0</size>
         <input_file_ref idref="fl-4"/>
      </object_component>
      <object_component id="oc-115">
         <name>.debug_line</name>
         <load_address>0xf86</load_address>
         <run_address>0xf86</run_address>
         <size>0x41</size>
         <input_file_ref idref="fl-5"/>
      </object_component>
      <object_component id="oc-34">
         <name>.debug_line</name>
         <load_address>0xfc7</load_address>
         <run_address>0xfc7</run_address>
         <size>0x41</size>
         <input_file_ref idref="fl-5"/>
      </object_component>
      <object_component id="oc-28">
         <name>.debug_line</name>
         <load_address>0x1008</load_address>
         <run_address>0x1008</run_address>
         <size>0xa1</size>
         <input_file_ref idref="fl-5"/>
      </object_component>
      <object_component id="oc-36d">
         <name>.debug_line</name>
         <load_address>0x10a9</load_address>
         <run_address>0x10a9</run_address>
         <size>0x8e</size>
         <input_file_ref idref="fl-6"/>
      </object_component>
      <object_component id="oc-360">
         <name>.debug_line</name>
         <load_address>0x1137</load_address>
         <run_address>0x1137</run_address>
         <size>0x32</size>
         <input_file_ref idref="fl-6"/>
      </object_component>
      <object_component id="oc-36b">
         <name>.debug_line</name>
         <load_address>0x1169</load_address>
         <run_address>0x1169</run_address>
         <size>0x32</size>
         <input_file_ref idref="fl-6"/>
      </object_component>
      <object_component id="oc-362">
         <name>.debug_line</name>
         <load_address>0x119b</load_address>
         <run_address>0x119b</run_address>
         <size>0x32</size>
         <input_file_ref idref="fl-6"/>
      </object_component>
      <object_component id="oc-35e">
         <name>.debug_line</name>
         <load_address>0x11cd</load_address>
         <run_address>0x11cd</run_address>
         <size>0x32</size>
         <input_file_ref idref="fl-6"/>
      </object_component>
      <object_component id="oc-16b">
         <name>.debug_line</name>
         <load_address>0x11ff</load_address>
         <run_address>0x11ff</run_address>
         <size>0x277</size>
         <input_file_ref idref="fl-6"/>
      </object_component>
      <object_component id="oc-2c5">
         <name>.debug_line</name>
         <load_address>0x1476</load_address>
         <run_address>0x1476</run_address>
         <size>0x4c</size>
         <input_file_ref idref="fl-7"/>
      </object_component>
      <object_component id="oc-84">
         <name>.debug_line</name>
         <load_address>0x14c2</load_address>
         <run_address>0x14c2</run_address>
         <size>0x201</size>
         <input_file_ref idref="fl-7"/>
      </object_component>
      <object_component id="oc-2ca">
         <name>.debug_line</name>
         <load_address>0x16c3</load_address>
         <run_address>0x16c3</run_address>
         <size>0x4c</size>
         <input_file_ref idref="fl-8"/>
      </object_component>
      <object_component id="oc-8a">
         <name>.debug_line</name>
         <load_address>0x170f</load_address>
         <run_address>0x170f</run_address>
         <size>0x13f</size>
         <input_file_ref idref="fl-8"/>
      </object_component>
      <object_component id="oc-8d">
         <name>.debug_line</name>
         <load_address>0x184e</load_address>
         <run_address>0x184e</run_address>
         <size>0x31b</size>
         <input_file_ref idref="fl-9"/>
      </object_component>
      <object_component id="oc-2c3">
         <name>.debug_line</name>
         <load_address>0x1b69</load_address>
         <run_address>0x1b69</run_address>
         <size>0xc3</size>
         <input_file_ref idref="fl-a"/>
      </object_component>
      <object_component id="oc-7e">
         <name>.debug_line</name>
         <load_address>0x1c2c</load_address>
         <run_address>0x1c2c</run_address>
         <size>0x135</size>
         <input_file_ref idref="fl-a"/>
      </object_component>
      <object_component id="oc-37b">
         <name>.debug_line</name>
         <load_address>0x1d61</load_address>
         <run_address>0x1d61</run_address>
         <size>0xc3</size>
         <input_file_ref idref="fl-b"/>
      </object_component>
      <object_component id="oc-1bb">
         <name>.debug_line</name>
         <load_address>0x1e24</load_address>
         <run_address>0x1e24</run_address>
         <size>0x10e</size>
         <input_file_ref idref="fl-b"/>
      </object_component>
      <object_component id="oc-78">
         <name>.debug_line</name>
         <load_address>0x1f32</load_address>
         <run_address>0x1f32</run_address>
         <size>0x68</size>
         <input_file_ref idref="fl-c"/>
      </object_component>
      <object_component id="oc-211">
         <name>.debug_line</name>
         <load_address>0x1f9a</load_address>
         <run_address>0x1f9a</run_address>
         <size>0xd2</size>
         <input_file_ref idref="fl-c7"/>
      </object_component>
      <object_component id="oc-1a8">
         <name>.debug_line</name>
         <load_address>0x206c</load_address>
         <run_address>0x206c</run_address>
         <size>0x8e</size>
         <input_file_ref idref="fl-c8"/>
      </object_component>
      <object_component id="oc-1ac">
         <name>.debug_line</name>
         <load_address>0x20fa</load_address>
         <run_address>0x20fa</run_address>
         <size>0x5a</size>
         <input_file_ref idref="fl-c9"/>
      </object_component>
      <object_component id="oc-1a2">
         <name>.debug_line</name>
         <load_address>0x2154</load_address>
         <run_address>0x2154</run_address>
         <size>0x50</size>
         <input_file_ref idref="fl-ca"/>
      </object_component>
      <object_component id="oc-209">
         <name>.debug_line</name>
         <load_address>0x21a4</load_address>
         <run_address>0x21a4</run_address>
         <size>0x4c</size>
         <input_file_ref idref="fl-cb"/>
      </object_component>
      <object_component id="oc-131">
         <name>.debug_line</name>
         <load_address>0x21f0</load_address>
[...]
      <symbol id="sm-264">
         <name>BMI160_GyroXYZGetResult</name>
         <value>0x2fa9</value>
         <object_component_ref idref="oc-80"/>
      </symbol>
      <symbol id="sm-265">
         <name>BMI160_GetDataStatus</name>
         <value>0x2ff3</value>
         <object_component_ref idref="oc-80"/>
      </symbol>
      <symbol id="sm-266">
         <name>BMI160_WriteRegister</name>
         <value>0x2dff</value>
         <object_component_ref idref="oc-80"/>
      </symbol>
      <symbol id="sm-267">
         <name>BMI160_MultiReadRegister</name>
         <value>0x2e53</value>
         <object_component_ref idref="oc-80"/>
      </symbol>
      <symbol id="sm-268">
         <name>BMI160_AccelXYZGetResult</name>
         <value>0x2f5f</value>
         <object_component_ref idref="oc-80"/>
      </symbol>
      <symbol id="sm-281">
         <name>OPT3001_WriteRegister</name>
         <value>0x36a1</value>
         <object_component_ref idref="oc-86"/>
      </symbol>
      <symbol id="sm-282">
         <name>OPT3001_GetInterrupt</name>
         <value>0x371b</value>
         <object_component_ref idref="oc-86"/>
      </symbol>
      <symbol id="sm-283">
         <name>OPT3001_Init</name>
         <value>0x368d</value>
         <object_component_ref idref="oc-86"/>
      </symbol>
      <symbol id="sm-284">
         <name>OPT3001_SetHighLimit</name>
         <value>0x37c7</value>
         <object_component_ref idref="oc-86"/>
      </symbol>
      <symbol id="sm-285">
         <name>OPT3001_GetResult</name>
         <value>0x3739</value>
         <object_component_ref idref="oc-86"/>
      </symbol>
      <symbol id="sm-286">
         <name>OPT3001_ReadRegister</name>
         <value>0x36e3</value>
         <object_component_ref idref="oc-86"/>
      </symbol>
      <symbol id="sm-287">
         <name>OPT3001_SetConfig</name>
         <value>0x3795</value>
         <object_component_ref idref="oc-86"/>
      </symbol>
      <symbol id="sm-288">
         <name>OPT3001_SetLowLimit</name>
         <value>0x37a7</value>
         <object_component_ref idref="oc-86"/>
      </symbol>
      <symbol id="sm-2ce">
         <name>ST7789_DrawRectangle</name>
         <value>0x2269</value>
         <object_component_ref idref="oc-8c"/>
      </symbol>
      <symbol id="sm-2cf">
         <name>ST7789_Select</name>
         <value>0x1c2d</value>
         <object_component_ref idref="oc-8c"/>
      </symbol>
      <symbol id="sm-2d0">
         <name>ST7789_WriteCommand</name>
         <value>0x1c65</value>
         <object_component_ref idref="oc-8c"/>
      </symbol>
      <symbol id="sm-2d1">
         <name>ST7789_DrawVLine</name>
         <value>0x1d73</value>
         <object_component_ref idref="oc-8c"/>
      </symbol>
      <symbol id="sm-2d2">
         <name>ST7789_Fill</name>
         <value>0x217d</value>
         <object_component_ref idref="oc-8c"/>
      </symbol>
      <symbol id="sm-2d3">
         <name>ST7789_Deselect</name>
         <value>0x1c3b</value>
         <object_component_ref idref="oc-8c"/>
      </symbol>
      <symbol id="sm-2d4">
         <name>ST7789_Line</name>
         <value>0x1ebd</value>
         <object_component_ref idref="oc-8c"/>
      </symbol>
      <symbol id="sm-2d5">
         <name>ST7789_DrawPixel</name>
         <value>0x212b</value>
         <object_component_ref idref="oc-8c"/>
      </symbol>
      <symbol id="sm-2d6">
         <name>ST7789_ReadRegister</name>
         <value>0x1c91</value>
         <object_component_ref idref="oc-8c"/>
      </symbol>
      <symbol id="sm-2d7">
         <name>ST7789_Init</name>
         <value>0x205b</value>
         <object_component_ref idref="oc-8c"/>
      </symbol>
      <symbol id="sm-2d8">
         <name>delay_ms</name>
         <value>0x203d</value>
         <object_component_ref idref="oc-8c"/>
      </symbol>
      <symbol id="sm-2d9">
         <name>ST7789_SetWindow</name>
         <value>0x1ca7</value>
         <object_component_ref idref="oc-8c"/>
      </symbol>
      <symbol id="sm-2da">
         <name>ST7789_SetCommand</name>
         <value>0x1c57</value>
         <object_component_ref idref="oc-8c"/>
      </symbol>
      <symbol id="sm-2db">
         <name>ST7789_SetData</name>
         <value>0x1c49</value>
         <object_component_ref idref="oc-8c"/>
      </symbol>
      <symbol id="sm-2dc">
         <name>ST7789_DrawHLine</name>
         <value>0x1e09</value>
         <object_component_ref idref="oc-8c"/>
      </symbol>
      <symbol id="sm-2dd">
         <name>ST7789_DrawLine</name>
         <value>0x2199</value>
         <object_component_ref idref="oc-8c"/>
      </symbol>
      <symbol id="sm-2de">
         <name>ST7789_WriteData</name>
         <value>0x1c7b</value>
         <object_component_ref idref="oc-8c"/>
      </symbol>
      <symbol id="sm-309">
         <name>I2C_ReadSingle</name>
         <value>0x2c2f</value>
         <object_component_ref idref="oc-7a"/>
      </symbol>
      <symbol id="sm-30a">
         <name>I2C_WriteSingle</name>
         <value>0x2bf9</value>
         <object_component_ref idref="oc-7a"/>
      </symbol>
      <symbol id="sm-30b">
         <name>I2C_ReadMultiple</name>
         <value>0x2d0d</value>
         <object_component_ref idref="oc-7a"/>
      </symbol>
      <symbol id="sm-30c">
         <name>I2C_Init</name>
         <value>0x2b7d</value>
         <object_component_ref idref="oc-7a"/>
      </symbol>
      <symbol id="sm-30d">
         <name>I2C_WriteMultiple</name>
         <value>0x2c5f</value>
         <object_component_ref idref="oc-7a"/>
      </symbol>
      <symbol id="sm-330">
         <name>SPI_ReadMultiple</name>
         <value>0x34a3</value>
         <object_component_ref idref="oc-1b8"/>
      </symbol>
      <symbol id="sm-331">
         <name>SPI_WriteMultiple</name>
         <value>0x3443</value>
         <object_component_ref idref="oc-1b8"/>
      </symbol>
      <symbol id="sm-332">
         <name>SPI_WriteSingle</name>
         <value>0x33fd</value>
         <object_component_ref idref="oc-1b8"/>
      </symbol>
      <symbol id="sm-333">
         <name>SPI_ReadSingle</name>
         <value>0x341b</value>
         <object_component_ref idref="oc-1b8"/>
      </symbol>
      <symbol id="sm-334">
         <name>SPI_Init</name>
         <value>0x3381</value>
         <object_component_ref idref="oc-1b8"/>
      </symbol>
      <symbol id="sm-342">
         <name>UART_Init</name>
         <value>0x3d45</value>
         <object_component_ref idref="oc-74"/>
      </symbol>
      <symbol id="sm-359">
         <name>__aeabi_dsub</name>
         <value>0x31c9</value>
         <object_component_ref idref="oc-20d"/>
      </symbol>
      <symbol id="sm-35a">
         <name>__aeabi_dadd</name>
         <value>0x31d3</value>
         <object_component_ref idref="oc-20d"/>
      </symbol>
      <symbol id="sm-365">
         <name>__aeabi_dmul</name>
         <value>0x390d</value>
         <object_component_ref idref="oc-1a6"/>
      </symbol>
      <symbol id="sm-36f">
         <name>__aeabi_d2iz</name>
         <value>0x3e3d</value>
         <object_component_ref idref="oc-1ab"/>
      </symbol>
      <symbol id="sm-379">
         <name>__aeabi_i2d</name>
         <value>0x4099</value>
         <object_component_ref idref="oc-1a1"/>
      </symbol>
      <symbol id="sm-383">
         <name>__aeabi_ui2d</name>
         <value>0x4139</value>
         <object_component_ref idref="oc-208"/>
      </symbol>
      <symbol id="sm-392">
         <name>__aeabi_memset</name>
         <value>0x3b9b</value>
         <object_component_ref idref="oc-130"/>
      </symbol>
      <symbol id="sm-393">
         <name>memset</name>
         <value>0x3ba1</value>
         <object_component_ref idref="oc-130"/>
      </symbol>
      <symbol id="sm-394">
         <name>__aeabi_memset8</name>
         <value>0x3b9b</value>
         <object_component_ref idref="oc-130"/>
      </symbol>
      <symbol id="sm-395">
         <name>__aeabi_memset4</name>
         <value>0x3b9b</value>
         <object_component_ref idref="oc-130"/>
      </symbol>
      <symbol id="sm-396">
         <name>__aeabi_memclr8</name>
         <value>0x3b99</value>
         <object_component_ref idref="oc-130"/>
      </symbol>
      <symbol id="sm-397">
         <name>__aeabi_memclr4</name>
         <value>0x3b99</value>
         <object_component_ref idref="oc-130"/>
      </symbol>
      <symbol id="sm-398">
         <name>__aeabi_memclr</name>
         <value>0x3b99</value>
         <object_component_ref idref="oc-130"/>
      </symbol>
      <symbol id="sm-3a7">
         <name>__aeabi_uidivmod</name>
         <value>0x3f11</value>
         <object_component_ref idref="oc-2a4"/>
      </symbol>
      <symbol id="sm-3a8">
         <name>__aeabi_uidiv</name>
         <value>0x3f11</value>
         <object_component_ref idref="oc-2a4"/>
      </symbol>
      <symbol id="sm-3c1">
         <name>__TI_zero_init_nomemset</name>
         <value>0x4159</value>
         <object_component_ref idref="oc-4d"/>
      </symbol>
      <symbol id="sm-3d8">
         <name>__TI_decompress_none</name>
         <value>0x4295</value>
         <object_component_ref idref="oc-1b"/>
      </symbol>
      <symbol id="sm-3fb">
         <name>__TI_decompress_lzss</name>
         <value>0x3c7d</value>
         <object_component_ref idref="oc-15"/>
      </symbol>
      <symbol id="sm-40e">
         <name>__stack</name>
         <value>0x20000270</value>
         <object_component_ref idref="oc-24"/>
      </symbol>
      <symbol id="sm-40f">
         <name>_c_int00_noargs</name>
         <value>0x4065</value>
         <object_component_ref idref="oc-5f"/>
      </symbol>
      <symbol id="sm-419">
         <name>__aeabi_idiv0</name>
         <value>0x337f</value>
         <object_component_ref idref="oc-363"/>
      </symbol>
      <symbol id="sm-41a">
         <name>__aeabi_ldiv0</name>
         <value>0x337f</value>
         <object_component_ref idref="oc-363"/>
      </symbol>
      <symbol id="sm-435">
         <name>memcpy</name>
         <value>0x3afd</value>
         <object_component_ref idref="oc-41"/>
      </symbol>
      <symbol id="sm-436">
         <name>__aeabi_memcpy</name>
         <value>0x3afd</value>
         <object_component_ref idref="oc-41"/>
      </symbol>
      <symbol id="sm-437">
         <name>__aeabi_memcpy8</name>
         <value>0x3afd</value>
         <object_component_ref idref="oc-41"/>
      </symbol>
      <symbol id="sm-438">
         <name>__aeabi_memcpy4</name>
         <value>0x3afd</value>
         <object_component_ref idref="oc-41"/>
      </symbol>
      <symbol id="sm-460">
         <name>__TI_auto_init_nobinit_nopinit</name>
         <value>0x3ecd</value>
         <object_component_ref idref="oc-23f"/>
      </symbol>
      <symbol id="sm-46a">
         <name>_system_pre_init</name>
         <value>0x4357</value>
         <object_component_ref idref="oc-136"/>
      </symbol>
      <symbol id="sm-476">
         <name>C$$EXIT</name>
         <value>0x435b</value>
         <object_component_ref idref="oc-233"/>
      </symbol>
      <symbol id="sm-477">
         <name>abort</name>
         <value>0x435b</value>
         <object_component_ref idref="oc-233"/>
      </symbol>
      <symbol id="sm-501">
         <name>GPIOPinConfigure</name>
         <value>0x3da5</value>
         <object_component_ref idref="oc-148"/>
      </symbol>
      <symbol id="sm-502">
         <name>GPIOPinTypeI2CSCL</name>
         <value>0x41ed</value>
         <object_component_ref idref="oc-16d"/>
      </symbol>
      <symbol id="sm-503">
         <name>GPIOPinTypeI2C</name>
         <value>0x41d7</value>
         <object_component_ref idref="oc-173"/>
      </symbol>
      <symbol id="sm-504">
         <name>GPIOPinTypeGPIOInput</name>
         <value>0x41c1</value>
         <object_component_ref idref="oc-f3"/>
      </symbol>
      <symbol id="sm-505">
         <name>GPIOPinTypeUART</name>
         <value>0x4219</value>
         <object_component_ref idref="oc-14e"/>
      </symbol>
      <symbol id="sm-506">
         <name>GPIOPinTypeGPIOOutput</name>
         <value>0x4175</value>
         <object_component_ref idref="oc-1be"/>
      </symbol>
      <symbol id="sm-507">
         <name>GPIODirModeSet</name>
         <value>0x40c7</value>
         <object_component_ref idref="oc-1f3"/>
      </symbol>
      <symbol id="sm-508">
         <name>GPIOPinWrite</name>
         <value>0x432f</value>
         <object_component_ref idref="oc-1b2"/>
      </symbol>
      <symbol id="sm-509">
         <name>GPIOPadConfigSet</name>
         <value>0x3521</value>
         <object_component_ref idref="oc-1f9"/>
      </symbol>
      <symbol id="sm-50a">
         <name>GPIOPinTypeSSI</name>
         <value>0x4203</value>
         <object_component_ref idref="oc-2cc"/>
      </symbol>
      <symbol id="sm-50b">
         <name>GPIOUnlockPin</name>
         <value>0x4191</value>
         <object_component_ref idref="oc-ed"/>
      </symbol>
      <symbol id="sm-54d">
         <name>I2CMasterDataPut</name>
         <value>0x434f</value>
         <object_component_ref idref="oc-185"/>
      </symbol>
      <symbol id="sm-54e">
         <name>I2CMasterInitExpClk</name>
         <value>0x3df1</value>
         <object_component_ref idref="oc-179"/>
      </symbol>
      <symbol id="sm-54f">
         <name>I2CMasterSlaveAddrSet</name>
         <value>0x4317</value>
         <object_component_ref idref="oc-17f"/>
      </symbol>
      <symbol id="sm-550">
         <name>I2CMasterDataGet</name>
         <value>0x434b</value>
         <object_component_ref idref="oc-197"/>
      </symbol>
      <symbol id="sm-551">
         <name>I2CMasterControl</name>
         <value>0x4347</value>
         <object_component_ref idref="oc-18b"/>
      </symbol>
      <symbol id="sm-552">
         <name>I2CMasterBusy</name>
         <value>0x430f</value>
         <object_component_ref idref="oc-191"/>
      </symbol>
      <symbol id="sm-553">
         <name>I2CMasterEnable</name>
         <value>0x42d3</value>
         <object_component_ref idref="oc-2b5"/>
      </symbol>
      <symbol id="sm-5a7">
         <name>IntPrioritySet</name>
         <value>0x40f5</value>
         <object_component_ref idref="oc-9e"/>
      </symbol>
      <symbol id="sm-5a8">
         <name>IntEnable</name>
         <value>0x3c15</value>
         <object_component_ref idref="oc-98"/>
      </symbol>
      <symbol id="sm-5a9">
         <name>IntRegister</name>
         <value>0x3ffd</value>
         <object_component_ref idref="oc-a4"/>
      </symbol>
      <symbol id="sm-5aa">
         <name>IntMasterDisable</name>
         <value>0x4267</value>
         <object_component_ref idref="oc-92"/>
      </symbol>
      <symbol id="sm-5ab">
         <name>g_pfnRAMVectors</name>
         <value>0x20000000</value>
         <object_component_ref idref="oc-1da"/>
      </symbol>
      <symbol id="sm-5ac">
         <name>IntMasterEnable</name>
         <value>0x4277</value>
         <object_component_ref idref="oc-da"/>
      </symbol>
      <symbol id="sm-5ec">
         <name>SSIDataPut</name>
         <value>0x42dd</value>
         <object_component_ref idref="oc-2ea"/>
      </symbol>
      <symbol id="sm-5ed">
         <name>SSIDataGet</name>
         <value>0x42bb</value>
         <object_component_ref idref="oc-2f6"/>
      </symbol>
      <symbol id="sm-5ee">
         <name>SSIConfigSetExpClk</name>
         <value>0x3f51</value>
         <object_component_ref idref="oc-2de"/>
      </symbol>
      <symbol id="sm-5ef">
         <name>SSIEnable</name>
         <value>0x42f1</value>
         <object_component_ref idref="oc-2e4"/>
      </symbol>
      <symbol id="sm-5f0">
         <name>SSIClockSourceSet</name>
         <value>0x4335</value>
         <object_component_ref idref="oc-2d8"/>
      </symbol>
      <symbol id="sm-5f1">
         <name>SSIBusy</name>
         <value>0x431f</value>
         <object_component_ref idref="oc-2f0"/>
      </symbol>
      <symbol id="sm-5f2">
         <name>SSIDisable</name>
         <value>0x42e7</value>
         <object_component_ref idref="oc-2d2"/>
      </symbol>
      <symbol id="sm-65b">
         <name>SysCtlPeripheralPresent</name>
         <value>0x3f8d</value>
         <object_component_ref idref="oc-289"/>
      </symbol>
      <symbol id="sm-65c">
         <name>SysCtlClockSet</name>
         <value>0x3a09</value>
         <object_component_ref idref="oc-e6"/>
      </symbol>
      <symbol id="sm-65d">
         <name>SysCtlDelay</name>
         <value>0x433b</value>
         <object_component_ref idref="oc-ec"/>
      </symbol>
      <symbol id="sm-65e">
         <name>SysCtlPeripheralEnable</name>
         <value>0x4031</value>
         <object_component_ref idref="oc-aa"/>
      </symbol>
      <symbol id="sm-65f">
         <name>SysCtlClockGet</name>
         <value>0x37f5</value>
         <object_component_ref idref="oc-15a"/>
      </symbol>
      <symbol id="sm-660">
         <name>SysCtlPeripheralReady</name>
         <value>0x3fc5</value>
         <object_component_ref idref="oc-b0"/>
      </symbol>
      <symbol id="sm-6a6">
         <name>TimerLoadSet</name>
         <value>0x4243</value>
         <object_component_ref idref="oc-d4"/>
      </symbol>
      <symbol id="sm-6a7">
         <name>TimerDisable</name>
         <value>0x41a9</value>
         <object_component_ref idref="oc-b6"/>
      </symbol>
      <symbol id="sm-6a8">
         <name>TimerEnable</name>
         <value>0x4287</value>
         <object_component_ref idref="oc-e0"/>
      </symbol>
      <symbol id="sm-6a9">
         <name>TimerPrescaleSet</name>
         <value>0x4255</value>
         <object_component_ref idref="oc-c2"/>
      </symbol>
      <symbol id="sm-6aa">
         <name>TimerIntEnable</name>
         <value>0x4327</value>
         <object_component_ref idref="oc-ce"/>
      </symbol>
      <symbol id="sm-6ab">
         <name>TimerConfigure</name>
         <value>0x3ce5</value>
         <object_component_ref idref="oc-bc"/>
      </symbol>
      <symbol id="sm-6ac">
         <name>TimerIntClear</name>
         <value>0x4353</value>
         <object_component_ref idref="oc-c8"/>
      </symbol>
      <symbol id="sm-6e7">
         <name>UARTConfigSetExpClk</name>
         <value>0x3e85</value>
         <object_component_ref idref="oc-160"/>
      </symbol>
      <symbol id="sm-6e8">
         <name>UARTDisable</name>
         <value>0x4119</value>
         <object_component_ref idref="oc-27c"/>
      </symbol>
      <symbol id="sm-6e9">
         <name>UARTClockSourceSet</name>
         <value>0x4341</value>
         <object_component_ref idref="oc-154"/>
      </symbol>
      <symbol id="sm-6ea">
         <name>UARTCharPut</name>
         <value>0x4305</value>
         <object_component_ref idref="oc-28f"/>
      </symbol>
      <symbol id="sm-6eb">
         <name>UARTEnable</name>
         <value>0x422f</value>
         <object_component_ref idref="oc-282"/>
      </symbol>
      <symbol id="sm-6ec">
         <name>UARTCharGet</name>
         <value>0x42fb</value>
         <object_component_ref idref="oc-295"/>
      </symbol>
      <symbol id="sm-6fe">
         <name>CPUcpsie</name>
         <value>0x42af</value>
         <object_component_ref idref="oc-1e8"/>
      </symbol>
      <symbol id="sm-6ff">
         <name>CPUcpsid</name>
         <value>0x42a3</value>
         <object_component_ref idref="oc-1c5"/>
      </symbol>
      <symbol id="sm-700">
         <name>__TI_static_base__</name>
         <value>0x0</value>
      </symbol>
      <symbol id="sm-703">
         <name>__mpu_init</name>
         <value>0x0</value>
      </symbol>
      <symbol id="sm-704">
         <name>_system_post_cinit</name>
         <value>0x0</value>
      </symbol>
   </symbol_table>
   <title>Link successful</title>
</link_info>
